// Jest Snapshot v1, https://goo.gl/fbAQLP

exports[`renders correctly 1`] = `
<View
  style={
    [
      {
        "backgroundColor": "#F3F3F3",
      },
      {
        "flex": 1,
      },
    ]
  }
>
  <View
    style={
      {
        "alignItems": "center",
        "backgroundColor": "#F5FCFF",
        "flex": 1,
        "justifyContent": "center",
      }
    }
  >
    <Text
      style={
        {
          "fontSize": 20,
          "margin": 10,
          "textAlign": "center",
        }
      }
    >
      Welcome to React Native!
    </Text>
    <Text
      style={
        {
          "color": "#333333",
          "marginBottom": 5,
          "textAlign": "center",
        }
      }
    >
      This is a React Native snapshot test.
    </Text>
  </View>
  <RCTSafeAreaView>
    <View>
      <Text>
        HomeView
      </Text>
      <Text>
        Value: 
        0
      </Text>
      <View
        accessibilityRole="button"
        accessibilityState={
          {
            "busy": undefined,
            "checked": undefined,
            "disabled": undefined,
            "expanded": undefined,
            "selected": undefined,
          }
        }
        accessibilityValue={
          {
            "max": undefined,
            "min": undefined,
            "now": undefined,
            "text": undefined,
          }
        }
        accessible={true}
        collapsable={false}
        focusable={true}
        onClick={[Function]}
        onResponderGrant={[Function]}
        onResponderMove={[Function]}
        onResponderRelease={[Function]}
        onResponderTerminate={[Function]}
        onResponderTerminationRequest={[Function]}
        onStartShouldSetResponder={[Function]}
        style={
          {
            "opacity": 1,
          }
        }
      >
        <View
          style={
            [
              {},
            ]
          }
        >
          <Text
            style={
              [
                {
                  "color": "#007AFF",
                  "fontSize": 18,
                  "margin": 8,
                  "textAlign": "center",
                },
              ]
            }
          >
            increment
          </Text>
        </View>
      </View>
      <View
        accessibilityRole="button"
        accessibilityState={
          {
            "busy": undefined,
            "checked": undefined,
            "disabled": undefined,
            "expanded": undefined,
            "selected": undefined,
          }
        }
        accessibilityValue={
          {
            "max": undefined,
            "min": undefined,
            "now": undefined,
            "text": undefined,
          }
        }
        accessible={true}
        collapsable={false}
        focusable={true}
        onClick={[Function]}
        onResponderGrant={[Function]}
        onResponderMove={[Function]}
        onResponderRelease={[Function]}
        onResponderTerminate={[Function]}
        onResponderTerminationRequest={[Function]}
        onStartShouldSetResponder={[Function]}
        style={
          {
            "opacity": 1,
          }
        }
      >
        <View
          style={
            [
              {},
            ]
          }
        >
          <Text
            style={
              [
                {
                  "color": "#007AFF",
                  "fontSize": 18,
                  "margin": 8,
                  "textAlign": "center",
                },
              ]
            }
          >
            descrement
          </Text>
        </View>
      </View>
      <View
        accessibilityRole="button"
        accessibilityState={
          {
            "busy": undefined,
            "checked": undefined,
            "disabled": undefined,
            "expanded": undefined,
            "selected": undefined,
          }
        }
        accessibilityValue={
          {
            "max": undefined,
            "min": undefined,
            "now": undefined,
            "text": undefined,
          }
        }
        accessible={true}
        collapsable={false}
        focusable={true}
        onClick={[Function]}
        onResponderGrant={[Function]}
        onResponderMove={[Function]}
        onResponderRelease={[Function]}
        onResponderTerminate={[Function]}
        onResponderTerminationRequest={[Function]}
        onStartShouldSetResponder={[Function]}
        style={
          {
            "opacity": 1,
          }
        }
      >
        <View
          style={
            [
              {},
            ]
          }
        >
          <Text
            style={
              [
                {
                  "color": "#007AFF",
                  "fontSize": 18,
                  "margin": 8,
                  "textAlign": "center",
                },
              ]
            }
          >
            test
          </Text>
        </View>
      </View>
      <View
        accessibilityRole="button"
        accessibilityState={
          {
            "busy": undefined,
            "checked": undefined,
            "disabled": undefined,
            "expanded": undefined,
            "selected": undefined,
          }
        }
        accessibilityValue={
          {
            "max": undefined,
            "min": undefined,
            "now": undefined,
            "text": undefined,
          }
        }
        accessible={true}
        collapsable={false}
        focusable={true}
        onClick={[Function]}
        onResponderGrant={[Function]}
        onResponderMove={[Function]}
        onResponderRelease={[Function]}
        onResponderTerminate={[Function]}
        onResponderTerminationRequest={[Function]}
        onStartShouldSetResponder={[Function]}
        style={
          {
            "opacity": 1,
          }
        }
      >
        <View
          style={
            [
              {},
            ]
          }
        >
          <Text
            style={
              [
                {
                  "color": "#007AFF",
                  "fontSize": 18,
                  "margin": 8,
                  "textAlign": "center",
                },
              ]
            }
          >
            Add Async
          </Text>
        </View>
      </View>
      <View
        style={
          {
            "alignItems": "center",
            "flexDirection": "row",
          }
        }
      >
        <TextInput
          keyboardType="numeric"
          onChangeText={[Function]}
          style={
            {
              "backgroundColor": "pink",
              "borderRadius": 20,
              "height": 30,
              "margin": 20,
              "padding": 10,
              "width": 250,
            }
          }
          value="0"
        />
        <View
          accessibilityRole="button"
          accessibilityState={
            {
              "busy": undefined,
              "checked": undefined,
              "disabled": undefined,
              "expanded": undefined,
              "selected": undefined,
            }
          }
          accessibilityValue={
            {
              "max": undefined,
              "min": undefined,
              "now": undefined,
              "text": undefined,
            }
          }
          accessible={true}
          collapsable={false}
          focusable={true}
          onClick={[Function]}
          onResponderGrant={[Function]}
          onResponderMove={[Function]}
          onResponderRelease={[Function]}
          onResponderTerminate={[Function]}
          onResponderTerminationRequest={[Function]}
          onStartShouldSetResponder={[Function]}
          style={
            {
              "opacity": 1,
            }
          }
        >
          <View
            style={
              [
                {},
              ]
            }
          >
            <Text
              style={
                [
                  {
                    "color": "#007AFF",
                    "fontSize": 18,
                    "margin": 8,
                    "textAlign": "center",
                  },
                ]
              }
            >
              Update
            </Text>
          </View>
        </View>
      </View>
    </View>
  </RCTSafeAreaView>
</View>
`;
